// Jest Snapshot v1, https://goo.gl/fbAQLP

exports[`Pruebas al componente <RealExampleRef /> Debe mostrarse correctamente 1`] = `
<div>
  <h2>
    Real example ref
  </h2>
  <hr />
  <button
    className="btn btn-outline-info mt-5"
    onClick={[Function]}
  >
    Show/ Hide
  </button>
</div>
`;
